// Jest Snapshot v1, https://goo.gl/fbAQLP

exports[`test TvShowDetails test 1`] = `
<div>
  <img
    alt="Loading page"
    className="Ready"
    src="test-file-stub"
  />
</div>
`;

exports[`test TvShowDetails test 2 1`] = `
<div>
  <img
    alt="Loading page"
    className="Ready"
    src="test-file-stub"
  />
</div>
`;

exports[`test TvShowDetails test 3 1`] = `
<div>
  <img
    alt="Loading page"
    className="Ready"
    src="test-file-stub"
  />
</div>
`;
