// Jest Snapshot v1, https://goo.gl/fbAQLP

exports[`TvShowDetails Episode test country name is 1`] = `
<Secure
  render={[Function]}
/>
`;

exports[`TvShowDetails Episode test genres is 1`] = `
<Secure
  render={[Function]}
/>
`;

exports[`TvShowDetails Episode test img is 1`] = `
<Secure
  render={[Function]}
/>
`;

exports[`TvShowDetails Episode test tvShow no 1`] = `
<Secure
  render={[Function]}
/>
`;

exports[`TvShowDetails TvShowDetails snapshot 1`] = `
<Secure
  render={[Function]}
/>
`;

exports[`TvShowDetails TvShowDetails test id is 1`] = `
<div>
  <img
    alt="Loading"
    className="loader"
    src="test-file-stub"
  />
</div>
`;
