// Jest Snapshot v1, https://goo.gl/fbAQLP

exports[`test Search test 2 1`] = `
<div>
  <label
    htmlFor="search"
  />
  <input
    autoComplete="off"
    className="InputSearch"
    id="search"
    onChange={[Function]}
    onKeyPress={[Function]}
    placeholder="Search"
    type="text"
    value=""
  />
</div>
`;
