// Jest Snapshot v1, https://goo.gl/fbAQLP

exports[`test Episodes test 1 1`] = `
<div>
  <img
    alt="Loading Episodes"
    className="Ready"
    src="test-file-stub"
  />
</div>
`;

exports[`test Episodes test 2 1`] = `
<div>
  <img
    alt="Loading Episodes"
    className="Ready"
    src="test-file-stub"
  />
</div>
`;
