// Jest Snapshot v1, https://goo.gl/fbAQLP

exports[`Episodes Episodes is 1`] = `
<div>
  <div>
    <Episode
      data={
        Object {
          "id": 1,
        }
      }
    />
    <Episode
      data={
        Object {
          "id": 2,
        }
      }
    />
  </div>
</div>
`;

exports[`Episodes Episodes snapshot 1`] = `
<div>
  <img
    alt="Loading Episodes"
    className="Ready"
    src="test-file-stub"
  />
</div>
`;
