// Jest Snapshot v1, https://goo.gl/fbAQLP

exports[`Signature test 1`] = `
<BrowserRouter>
  <div>
    <Menu />
    <Provider
      store={
        Object {
          "dispatch": [Function],
          "getState": [Function],
          "replaceReducer": [Function],
          "subscribe": [Function],
          Symbol(observable): [Function],
        }
      }
    >
      <Route
        component={[Function]}
        exact={true}
        path="/"
      />
      <Route
        path="/tvShowDetails/:id"
        render={[Function]}
      />
    </Provider>
  </div>
</BrowserRouter>
`;
