// Jest Snapshot v1, https://goo.gl/fbAQLP

exports[`renders 1`] = `
<div>
  <header
    className="Header"
  >
    <a
      href="/"
      onClick={[Function]}
    >
      <button
        type="button"
      >
        TvShows
      </button>
    </a>
  </header>
  <main>
    <img
      alt="Loading page"
      className="Ready"
      src="test-file-stub"
    />
  </main>
</div>
`;
