// Jest Snapshot v1, https://goo.gl/fbAQLP

exports[`test Episode test pageNumber is 1`] = `
<main>
  <Connect(TvShowPage)
    page={1}
  />
  <div
    className="Pager"
  >
    <Link
      to="/page/0"
    >
      <button
        type="button"
      >
        ← Previous Page
      </button>
    </Link>
    <Link
      to="/page/2"
    >
      <button
        type="button"
      >
        Next Page →
      </button>
    </Link>
  </div>
</main>
`;

exports[`test Home test 1`] = `
<main>
  <Connect(TvShowPage)
    page={0}
  />
  <img
    alt="Loading page"
    className="Ready"
    src="test-file-stub"
  />
</main>
`;
